// Vitest Snapshot v1

exports[`banner default snapshot 1`] = `
"// ==UserScript==
// @name        vitest
// @version     1.0.0
// @author      John Doe
// @description vitest
// @namespace   vitest
// @connect     vitest.dev
// @license     MIT
// @noframes
// @icon        https://vitest.dev/favicon.ico
// @icon64      https://vitest.dev/favicon.ico
// @exclude     https://vitest.dev/guide/*
// @exclude     https://vitest.dev/api/*
// @include     https://vitest.dev
// @homepage    https://github.com/vitest-dev/vitest
// @downloadURL https://vitest.dev
// @supportURL  https://vitest.dev
// @updateURL   https://vitest.dev
// @resource    https://vitest.dev
// @require     https://example.com/index.js
// @grant       unsafeWindow
// @grant       window.onurlchange
// @grant       window.focus
// @grant       window.close
// @grant       GM_setValue
// @grant       GM_getValue
// @grant       GM_deleteValue
// @grant       GM_listValues
// @grant       GM_setClipboard
// @grant       GM_addStyle
// @grant       GM_addElement
// @grant       GM_addValueChangeListener
// @grant       GM_removeValueChangeListener
// @grant       GM_registerMenuCommand
// @grant       GM_unregisterMenuCommand
// @grant       GM_download
// @grant       GM_getTab
// @grant       GM_getTabs
// @grant       GM_saveTab
// @grant       GM_openInTab
// @grant       GM_notification
// @grant       GM_getResourceURL
// @grant       GM_getResourceText
// @grant       GM_xmlhttpRequest
// @grant       GM_webRequest
// @grant       GM_log
// @grant       GM_info
// @match       https://vitest.dev
// @run-at      document-start
// ==/UserScript=="
`;

exports[`banner meta snapshot 1`] = `
"// ==UserScript==
// @name        vitest
// @version     1.0.0
// @match       https://example.com
// @homepage    https://crashmax-dev.github.io/jsx/
// @updateURL   https://crashmax-dev.github.io/jsx/vitest.meta.js
// @downloadURL https://crashmax-dev.github.io/jsx/vitest.user.js
// ==/UserScript=="
`;
