// Vitest Snapshot v1

exports[`banner default snapshot 1`] = `
"// ==UserScript==
// @name        vitest
// @version     1.0.0
// @author      John Doe
// @description vitest
// @namespace   vitest
// @connect     vitest.dev
// @license     MIT
// @noframes    
// @icon        https://vitest.dev/favicon.ico
// @icon64      https://vitest.dev/favicon.ico
// @exclude     https://vitest.dev/guide/*
// @exclude     https://vitest.dev/api/*
// @include     https://vitest.dev
// @homepage    https://github.com/vitest-dev/vitest
// @downloadURL https://github.com/vitest-dev/vitest.user.js
// @supportURL  https://vitest.dev
// @updateURL   https://github.com/vitest-dev/vitest.meta.js
// @resource    vitest https://vitest.dev
// @require     https://example.com/index.js
// @grant       GM_setValue
// @grant       GM.setValue
// @grant       GM_getValue
// @grant       GM.getValue
// @grant       GM_deleteValue
// @grant       GM.deleteValue
// @grant       GM_listValues
// @grant       GM.listValues
// @grant       GM_setClipboard
// @grant       GM.setClipboard
// @grant       GM_addStyle
// @grant       GM.addStyle
// @grant       GM_addElement
// @grant       GM.addElement
// @grant       GM_addValueChangeListener
// @grant       GM.addValueChangeListener
// @grant       GM_removeValueChangeListener
// @grant       GM.removeValueChangeListener
// @grant       GM_registerMenuCommand
// @grant       GM.registerMenuCommand
// @grant       GM_unregisterMenuCommand
// @grant       GM.unregisterMenuCommand
// @grant       GM_download
// @grant       GM.download
// @grant       GM_getTab
// @grant       GM.getTab
// @grant       GM_getTabs
// @grant       GM.getTabs
// @grant       GM_saveTab
// @grant       GM.saveTab
// @grant       GM_openInTab
// @grant       GM.openInTab
// @grant       GM_notification
// @grant       GM.notification
// @grant       GM_getResourceURL
// @grant       GM.getResourceURL
// @grant       GM_getResourceText
// @grant       GM.getResourceText
// @grant       GM_xmlhttpRequest
// @grant       GM.xmlhttpRequest
// @grant       GM_log
// @grant       GM.log
// @grant       GM_info
// @grant       GM.info
// @grant       unsafeWindow
// @grant       window.onurlchange
// @grant       window.focus
// @grant       window.close
// @match       https://vitest.dev
// @run-at      document-start
// ==/UserScript=="
`;

exports[`banner meta snapshot 1`] = `
"// ==UserScript==
// @name        vitest
// @version     1.0.0
// @match       https://example.com
// @homepage    https://crashmax-dev.github.io/jsx/
// @updateURL   https://crashmax-dev.github.io/jsx/vitest.meta.js
// @downloadURL https://crashmax-dev.github.io/jsx/vitest.user.js
// ==/UserScript=="
`;
